2026-09-23T00:03:16.005Z	Initializing build environment...
2026-09-23T00:03:18.631Z	Success: Finished initializing build environment
2026-09-23T00:03:20.473Z	Cloning repository...
2026-09-23T00:03:16.005Z	Initializing build environment...
2026-09-23T00:03:18.631Z	Success: Finished initializing build environment
2026-09-23T00:03:20.473Z	Cloning repository...
2026-09-23T00:03:23.286Z	No build output detected to cache. Skipping.
2026-09-23T00:03:23.286Z	No dependencies detected to cache. Skipping.
2026-09-23T00:03:23.289Z	Detected the following tools from environment: 
2026-09-23T00:03:23.620Z	Executing user deploy command: npx wrangler deploy
2026-09-23T00:03:26.636Z	npm warn exec The following package was not found and will be installed: wrangler@4.136.3
2026-09-23T00:03:41.300Z	
2026-09-23T00:03:41.303Z	 ⛅️ wrangler 4.136.3
2026-09-23T00:03:41.303Z	────────────────────
2026-09-23T00:03:41.497Z	
2026-09-23T00:03:41.498Z	Cloudflare collects anonymous telemetry about your usage of Wrangler. Learn more at https://github.com/cloudflare/workers-sdk/tree/main/packages/wrangler/telemetry.md
2026-09-23T00:03:41.504Z	
2026-09-23T00:03:41.639Z	✘ [ERROR] Could not detect a directory containing static files (e.g. html, css and js) for the project
2026-09-23T00:03:41.639Z	
2026-09-23T00:03:41.639Z	
2026-09-23T00:03:41.683Z	🪵  Logs were written to "/opt/buildhome/.config/.wrangler/logs/wrangler-2026-09-23_00-03-40_607.log"
2026-09-23T00:03:41.802Z	Failed: error occurred while running deploy command